// Jest Snapshot v1, https://goo.gl/fbAQLP

exports[`a página de configuração deve ser renderizada corretamente 1`] = `
<div>
  <h2
    class="sc-bdDqHD hTZBMr"
  >
    Vamos começar!
  </h2>
  <form
    class="sc-gtcySc cnlRmv"
  >
    <div
      class="sc-dkXqGt eAJEYD"
    >
      <svg
        aria-hidden="true"
        class="MuiSvgIcon-root MuiSvgIcon-fontSizeMedium css-i4bv87-MuiSvgIcon-root"
        data-testid="PersonAddIcon"
        focusable="false"
        viewBox="0 0 24 24"
      >
        <path
          d="M15 12c2.21 0 4-1.79 4-4s-1.79-4-4-4-4 1.79-4 4 1.79 4 4 4zm-9-2V7H4v3H1v2h3v3h2v-3h3v-2H6zm9 4c-2.67 0-8 1.34-8 4v2h16v-2c0-2.66-5.33-4-8-4z"
        />
      </svg>
    </div>
    <input
      class="sc-hKVqoC jArpWw"
      placeholder="Insira os nomes dos participantes"
      type="text"
      value=""
    />
    <button
      class="sc-eCQicT dFdYml"
      disabled=""
    >
      Adicionar
    </button>
  </form>
  <ul
    class="sc-gKkibJ bNYHlP"
  />
  <div
    class="sc-fuzrqj cXeCqa"
  >
    <button
      class="sc-qdOTD deggxj"
      disabled=""
    >
      <svg
        aria-hidden="true"
        class="MuiSvgIcon-root MuiSvgIcon-fontSizeMedium css-i4bv87-MuiSvgIcon-root"
        data-testid="PlayCircleOutlineIcon"
        focusable="false"
        viewBox="0 0 24 24"
      >
        <path
          d="m10 16.5 6-4.5-6-4.5v9zM12 2C6.48 2 2 6.48 2 12s4.48 10 10 10 10-4.48 10-10S17.52 2 12 2zm0 18c-4.41 0-8-3.59-8-8s3.59-8 8-8 8 3.59 8 8-3.59 8-8 8z"
        />
      </svg>
      Iniciar brincadeira!
    </button>
    <picture>
      <source
        media="(min-width: 1024px)"
      />
      <img
        alt="Sacolas de compras"
      />
    </picture>
  </div>
</div>
`;
